Compiling the CXX compiler identification source file "CMakeCXXCompilerId.cpp" failed.
Compiler: /home/revlinux/Android/Sdk/ndk/25.1.8937393/toolchains/llvm/prebuilt/linux-x86_64/bin/clang++ 
Build flags: -g;-DANDROID;-fdata-sections;-ffunction-sections;-funwind-tables;-fstack-protector-strong;-no-canonical-prefixes;-D_FORTIFY_SOURCE=2;-Wformat;-Werror=format-security;;-std=c11
Id flags: -c;--target=aarch64-none-linux-android21 

The output was:
1
error: invalid argument '-std=c11' not allowed with 'C++'


Compiling the CXX compiler identification source file "CMakeCXXCompilerId.cpp" failed.
Compiler: /home/revlinux/Android/Sdk/ndk/25.1.8937393/toolchains/llvm/prebuilt/linux-x86_64/bin/clang++ 
Build flags: -g;-DANDROID;-fdata-sections;-ffunction-sections;-funwind-tables;-fstack-protector-strong;-no-canonical-prefixes;-D_FORTIFY_SOURCE=2;-Wformat;-Werror=format-security;;-std=c11
Id flags:  

The output was:
1
error: invalid argument '-std=c11' not allowed with 'C++'


Compiling the CXX compiler identification source file "CMakeCXXCompilerId.cpp" failed.
Compiler: /home/revlinux/Android/Sdk/ndk/25.1.8937393/toolchains/llvm/prebuilt/linux-x86_64/bin/clang++ 
Build flags: -g;-DANDROID;-fdata-sections;-ffunction-sections;-funwind-tables;-fstack-protector-strong;-no-canonical-prefixes;-D_FORTIFY_SOURCE=2;-Wformat;-Werror=format-security;;-std=c11
Id flags: -c 

The output was:
1
error: invalid argument '-std=c11' not allowed with 'C++'


Compiling the CXX compiler identification source file "CMakeCXXCompilerId.cpp" failed.
Compiler: /home/revlinux/Android/Sdk/ndk/25.1.8937393/toolchains/llvm/prebuilt/linux-x86_64/bin/clang++ 
Build flags: -g;-DANDROID;-fdata-sections;-ffunction-sections;-funwind-tables;-fstack-protector-strong;-no-canonical-prefixes;-D_FORTIFY_SOURCE=2;-Wformat;-Werror=format-security;;-std=c11
Id flags: --c++ 

The output was:
1
clang++: error: unsupported option '--c++'


Compiling the CXX compiler identification source file "CMakeCXXCompilerId.cpp" failed.
Compiler: /home/revlinux/Android/Sdk/ndk/25.1.8937393/toolchains/llvm/prebuilt/linux-x86_64/bin/clang++ 
Build flags: -g;-DANDROID;-fdata-sections;-ffunction-sections;-funwind-tables;-fstack-protector-strong;-no-canonical-prefixes;-D_FORTIFY_SOURCE=2;-Wformat;-Werror=format-security;;-std=c11
Id flags: --ec++ 

The output was:
1
clang++: error: unsupported option '--ec++'


Compiling the CXX compiler identification source file "CMakeCXXCompilerId.cpp" failed.
Compiler: /home/revlinux/Android/Sdk/ndk/25.1.8937393/toolchains/llvm/prebuilt/linux-x86_64/bin/clang++ 
Build flags: -g;-DANDROID;-fdata-sections;-ffunction-sections;-funwind-tables;-fstack-protector-strong;-no-canonical-prefixes;-D_FORTIFY_SOURCE=2;-Wformat;-Werror=format-security;;-std=c11
Id flags: --target=arm-arm-none-eabi;-mcpu=cortex-m3 

The output was:
1
error: invalid argument '-std=c11' not allowed with 'C++'


Compiling the CXX compiler identification source file "CMakeCXXCompilerId.cpp" failed.
Compiler: /home/revlinux/Android/Sdk/ndk/25.1.8937393/toolchains/llvm/prebuilt/linux-x86_64/bin/clang++ 
Build flags: -g;-DANDROID;-fdata-sections;-ffunction-sections;-funwind-tables;-fstack-protector-strong;-no-canonical-prefixes;-D_FORTIFY_SOURCE=2;-Wformat;-Werror=format-security;;-std=c11
Id flags: -c;-I__does_not_exist__ 

The output was:
1
error: invalid argument '-std=c11' not allowed with 'C++'


Detecting CXX compiler ABI info failed to compile with the following output:
Change Dir: /mnt/d/defradb/java/wrapper/.cxx/Debug/1u283o6h/arm64-v8a/CMakeFiles/CMakeTmp

Run Build Command(s):/home/revlinux/Android/Sdk/cmake/3.22.1/bin/ninja cmTC_c60e5 && [1/2] Building CXX object CMakeFiles/cmTC_c60e5.dir/CMakeCXXCompilerABI.cpp.o
FAILED: CMakeFiles/cmTC_c60e5.dir/CMakeCXXCompilerABI.cpp.o 
/home/revlinux/Android/Sdk/ndk/25.1.8937393/toolchains/llvm/prebuilt/linux-x86_64/bin/clang++ --target=aarch64-none-linux-android21 --sysroot=/home/revlinux/Android/Sdk/ndk/25.1.8937393/toolchains/llvm/prebuilt/linux-x86_64/sysroot   -g -DANDROID -fdata-sections -ffunction-sections -funwind-tables -fstack-protector-strong -no-canonical-prefixes -D_FORTIFY_SOURCE=2 -Wformat  -std=c11  -fPIE   -v -MD -MT CMakeFiles/cmTC_c60e5.dir/CMakeCXXCompilerABI.cpp.o -MF CMakeFiles/cmTC_c60e5.dir/CMakeCXXCompilerABI.cpp.o.d -o CMakeFiles/cmTC_c60e5.dir/CMakeCXXCompilerABI.cpp.o -c /home/revlinux/Android/Sdk/cmake/3.22.1/share/cmake-3.22/Modules/CMakeCXXCompilerABI.cpp
Android (8490178, based on r450784d) clang version 14.0.6 (https://android.googlesource.com/toolchain/llvm-project 4c603efb0cca074e9238af8b4106c30add4418f6)
Target: aarch64-none-linux-android21
Thread model: posix
InstalledDir: /home/revlinux/Android/Sdk/ndk/25.1.8937393/toolchains/llvm/prebuilt/linux-x86_64/bin
 (in-process)
 "/home/revlinux/Android/Sdk/ndk/25.1.8937393/toolchains/llvm/prebuilt/linux-x86_64/bin/clang++" -cc1 -triple aarch64-none-linux-android21 -emit-obj -mrelax-all --mrelax-relocations -disable-free -clear-ast-before-backend -disable-llvm-verifier -discard-value-names -main-file-name CMakeCXXCompilerABI.cpp -mrelocation-model pic -pic-level 2 -pic-is-pie -mframe-pointer=non-leaf -ffp-contract=on -fno-rounding-math -mconstructor-aliases -funwind-tables=2 -target-cpu generic -target-feature +neon -target-feature +v8a -target-feature +fix-cortex-a53-835769 -target-abi aapcs -fallow-half-arguments-and-returns -mllvm -treat-scalable-fixed-error-as-warning -debug-info-kind=constructor -dwarf-version=4 -debugger-tuning=gdb -v -ffunction-sections -fdata-sections -fcoverage-compilation-dir=/mnt/d/defradb/java/wrapper/.cxx/Debug/1u283o6h/arm64-v8a/CMakeFiles/CMakeTmp -resource-dir /home/revlinux/Android/Sdk/ndk/25.1.8937393/toolchains/llvm/prebuilt/linux-x86_64/lib64/clang/14.0.6 -dependency-file CMakeFiles/cmTC_c60e5.dir/CMakeCXXCompilerABI.cpp.o.d -MT CMakeFiles/cmTC_c60e5.dir/CMakeCXXCompilerABI.cpp.o -sys-header-deps -D ANDROID -D _FORTIFY_SOURCE=2 -isysroot /home/revlinux/Android/Sdk/ndk/25.1.8937393/toolchains/llvm/prebuilt/linux-x86_64/sysroot -internal-isystem /home/revlinux/Android/Sdk/ndk/25.1.8937393/toolchains/llvm/prebuilt/linux-x86_64/sysroot/usr/include/c++/v1 -internal-isystem /home/revlinux/Android/Sdk/ndk/25.1.8937393/toolchains/llvm/prebuilt/linux-x86_64/lib64/clang/14.0.6/include -internal-isystem /home/revlinux/Android/Sdk/ndk/25.1.8937393/toolchains/llvm/prebuilt/linux-x86_64/sysroot/usr/local/include -internal-externc-isystem /home/revlinux/Android/Sdk/ndk/25.1.8937393/toolchains/llvm/prebuilt/linux-x86_64/sysroot/usr/include/aarch64-linux-android -internal-externc-isystem /home/revlinux/Android/Sdk/ndk/25.1.8937393/toolchains/llvm/prebuilt/linux-x86_64/sysroot/include -internal-externc-isystem /home/revlinux/Android/Sdk/ndk/25.1.8937393/toolchains/llvm/prebuilt/linux-x86_64/sysroot/usr/include -Wformat -std=c11 -fdeprecated-macro -fdebug-compilation-dir=/mnt/d/defradb/java/wrapper/.cxx/Debug/1u283o6h/arm64-v8a/CMakeFiles/CMakeTmp -ferror-limit 19 -stack-protector 2 -fno-signed-char -fgnuc-version=4.2.1 -fcxx-exceptions -fexceptions -target-feature +outline-atomics -D__GCC_HAVE_DWARF2_CFI_ASM=1 -o CMakeFiles/cmTC_c60e5.dir/CMakeCXXCompilerABI.cpp.o -x c++ /home/revlinux/Android/Sdk/cmake/3.22.1/share/cmake-3.22/Modules/CMakeCXXCompilerABI.cpp
error: invalid argument '-std=c11' not allowed with 'C++'
ninja: build stopped: subcommand failed.




Determining if the CXX compiler works failed with the following output:
Change Dir: /mnt/d/defradb/java/wrapper/.cxx/Debug/1u283o6h/arm64-v8a/CMakeFiles/CMakeTmp

Run Build Command(s):/home/revlinux/Android/Sdk/cmake/3.22.1/bin/ninja cmTC_efa6d && [1/2] Building CXX object CMakeFiles/cmTC_efa6d.dir/testCXXCompiler.cxx.o
FAILED: CMakeFiles/cmTC_efa6d.dir/testCXXCompiler.cxx.o 
/home/revlinux/Android/Sdk/ndk/25.1.8937393/toolchains/llvm/prebuilt/linux-x86_64/bin/clang++ --target=aarch64-none-linux-android21 --sysroot=/home/revlinux/Android/Sdk/ndk/25.1.8937393/toolchains/llvm/prebuilt/linux-x86_64/sysroot   -g -DANDROID -fdata-sections -ffunction-sections -funwind-tables -fstack-protector-strong -no-canonical-prefixes -D_FORTIFY_SOURCE=2 -Wformat -Werror=format-security  -std=c11  -fPIE -MD -MT CMakeFiles/cmTC_efa6d.dir/testCXXCompiler.cxx.o -MF CMakeFiles/cmTC_efa6d.dir/testCXXCompiler.cxx.o.d -o CMakeFiles/cmTC_efa6d.dir/testCXXCompiler.cxx.o -c /mnt/d/defradb/java/wrapper/.cxx/Debug/1u283o6h/arm64-v8a/CMakeFiles/CMakeTmp/testCXXCompiler.cxx
error: invalid argument '-std=c11' not allowed with 'C++'
ninja: build stopped: subcommand failed.



